[2J[H    [1;97m.[0m       [1;96m*[0m            [1;97m.[0m                                         [1;96m*[0m      [1;97m.[0m     [0m
                       [1;96m* [1;97m* [1;96m*   [1;91mFROHE [1;92mWEIHNACHTEN[1;96m   * [1;97m* [1;96m*[0m                        [0m
       [1;96m*[0m          [1;97m.[0m                   [1;93m\|/[0m                    [1;97m.[0m         [1;96m*[0m        [0m
                                      [1;93m-*-[0m                                       [0m
     [1;97m.[0m         [1;94m+[0m                      [1;93m/|\[0m                       [1;94m+[0m          [1;97m.[0m    [0m
                                       [1;92mA[0m                                        [0m
                                      [1;92m/^\[0m                                       [0m
   [1;97m*[0m                [1;96m.[0m                [1;92m/[1;91mo[1;95m@[1;91mo[1;92m\[0m                 [1;96m.[0m                [1;97m*[0m   [0m
                                    [1;92m/^[1;91mo[1;93m*[1;91mo[1;92m^\[0m                                     [0m
                                    [1;92m/[1;91mo[1;92m^[1;95m@[1;96mo[1;94m~[1;96mo[1;92m\[0m                                    [0m
      [1;97m.[0m                            [1;92m/[1;95m@[1;91mo[1;92m^[1;91mo[1;93m*[1;91mo[1;95m@[1;92m\[0m                            [1;97m.[0m       [0m
                                   [1;92m/[1;91mo[1;93m*[1;91mo[1;94m~[1;91mo[1;95m@[1;91mo[1;93m*[1;92m\[0m                                   [0m
                                  [1;92m/^[1;91mo[1;95m@[1;91mo[1;93m*[1;91mo[1;94m~[1;91mo[1;92m^\[0m                                   [0m
        [1;96m*[0m                         [1;92m/[1;91mo[1;94m~[1;91mo[1;93m*[1;91mo[1;95m@[1;91mo[1;94m~[1;91mo[1;92m\[0m                         [1;96m*[0m         [0m
                                  [1;92m/[1;95m@[1;91mo[1;93m*[1;91mo[1;92m^[1;91mo[1;93m*[1;91mo[1;95m@[1;91mo[1;92m\[0m                                  [0m
                                 [1;92m/[1;91mo[1;94m~[1;91mo[1;95m@[1;91mo[1;93m*[1;91mo[1;94m~[1;91mo[1;95m@[1;91mo[1;92m\[0m                                  [0m
    [1;97m.[0m            [1;96m+[0m               [1;92m/^[1;91mo[1;93m*[1;91mo[1;94m~[1;91mo[1;95m@[1;91mo[1;93m*[1;91mo[1;92m^[1;91mo[1;92m\[0m                [1;96m+[0m           [1;97m.[0m    [0m
                                [1;92m/[1;91mo[1;95m@[1;91mo[1;94m~[1;91mo[1;93m*[1;91mo[1;94m~[1;91mo[1;95m@[1;91mo[1;93m*[1;91mo[1;92m\[0m                                 [0m
                              [1;92m/_________________\[0m                               [0m
       [1;97m*[0m                              [1;33m|||[0m                               [1;97m*[0m       [0m
                        [1;91m.----.[0m [1;94m.----.[0m     [1;95m.----.[0m [1;96m.----.[0m                         [0m
                        [1;91m|+--+|[0m [1;94m|*##*|[0m     [1;95m|*@@*|[0m [1;96m|+--+|[0m                         [0m
                        [1;91m'----'[0m [1;94m'----'[0m     [1;95m'----'[0m [1;96m'----'[0m                         [0m
                [1;97m~~~~~~~~~~~~~~~~~~~~~~~~~~~~~~~~~~~~~~~~~~~~~~~~[0m                [0m
                         [1;97m* * *  [1;91mMERRY [1;92mCHRISTMAS[1;97m  * * *[0m                          [0m[0m
